
consoleErrors.txt:1::8000/analytics.js:1  Failed to load resource: the server responded with a status of 404 (File not 
found)
consoleErrors.txt:15::8000/assets/maps/Light%20World/lw-flute1.png:1  Failed to load resource: the server responded 
with a status of 404 (File not found)
consoleErrors.txt:16::8000/assets/maps/Light%20World/lw-linkshouse.png:1  Failed to load resource: the server responded 
with a status of 404 (File not found)
consoleErrors.txt:17::8000/assets/maps/Hyrule%20Castle/hc-sanctuary.png:1  Failed to load resource: the server 
responded with a status of 404 (File not found)
consoleErrors.txt:18:lw-sq.png:1  Failed to load resource: the server responded with a status of 404 (File not found)
consoleErrors.txt:19:lw-flute4.png:1  Failed to load resource: the server responded with a status of 404 (File not 
found)
consoleErrors.txt:20::8000/assets/maps/Light%20World/lw-linkshouse.png:1  Failed to load resource: the server responded 
with a status of 404 (File not found)
consoleErrors.txt:21:lw-octorok-field.png:1  Failed to load resource: the server responded with a status of 404 (File 
not found)
consoleErrors.txt:22:lw-south-house-portal.png:1  Failed to load resource: the server responded with a status of 404 
(File not found)
consoleErrors.txt:23::8000/assets/maps/Light%20World/lw-linkshouse.png:1  Failed to load resource: the server responded 
with a status of 404 (File not found)
consoleErrors.txt:24::8000/assets/maps/Light%20World/lw-south-grove.png:1  Failed to load resource: the server 
responded with a status of 404 (File not found)
consoleErrors.txt:25::8000/assets/maps/Dark%20World/dw-flute4.png:1  Failed to load resource: the server responded with 
a status of 404 (File not found)
consoleErrors.txt:26:lw-hyrule-castle.png:1  Failed to load resource: the server responded with a status of 404 (File 
not found)
consoleErrors.txt:27:lw-flute4.png:1  Failed to load resource: the server responded with a status of 404 (File not 
found)
consoleErrors.txt:28:lw-flute4.png:1  Failed to load resource: the server responded with a status of 404 (File not 
found)
consoleErrors.txt:29:lw-east-sanctuary.png:1  Failed to load resource: the server responded with a status of 404 (File 
not found)
consoleErrors.txt:30:lw-lake-hylea.png:1  Failed to load resource: the server responded with a status of 404 (File not 
found)
consoleErrors.txt:31:lw-small-shop.png:1  Failed to load resource: the server responded with a status of 404 (File not 
found)
consoleErrors.txt:32:lw-eastern-palace.png:1  Failed to load resource: the server responded with a status of 404 (File 
not found)
consoleErrors.txt:33:lw-hyrule-castle.png:1  Failed to load resource: the server responded with a status of 404 (File 
not found)
consoleErrors.txt:34:lw-octorok-field.png:1  Failed to load resource: the server responded with a status of 404 (File 
not found)
consoleErrors.txt:35:dw-octorok-field.png:1  Failed to load resource: the server responded with a status of 404 (File 
not found)
consoleErrors.txt:36:lw-octorok-field.png:1  Failed to load resource: the server responded with a status of 404 (File 
not found)
consoleErrors.txt:37:dw-eastern-palace.png:1  Failed to load resource: the server responded with a status of 404 (File 
not found)
consoleErrors.txt:38:lw-eastern-palace.png:1  Failed to load resource: the server responded with a status of 404 (File 
not found)
consoleErrors.txt:39:lw-flute5.png:1  Failed to load resource: the server responded with a status of 404 (File not 
found)
consoleErrors.txt:40:lw-saha.png:1  Failed to load resource: the server responded with a status of 404 (File not found)
consoleErrors.txt:41:lw-eastern-palace.png:1  Failed to load resource: the server responded with a status of 404 (File 
not found)
consoleErrors.txt:42:lw-sq.png:1  Failed to load resource: the server responded with a status of 404 (File not found)
consoleErrors.txt:43:dw-hint-cave.png:1  Failed to load resource: the server responded with a status of 404 (File not 
found)
consoleErrors.txt:44::8000/assets/maps/Hyrule%20Castle/hc-entry.png:1  Failed to load resource: the server responded 
with a status of 404 (File not found)
consoleErrors.txt:45:lw-octorok-field.png:1  Failed to load resource: the server responded with a status of 404 (File 
not found)
consoleErrors.txt:46:lw-flute5.png:1  Failed to load resource: the server responded with a status of 404 (File not 
found)
consoleErrors.txt:47:lw-eastern-palace.png:1  Failed to load resource: the server responded with a status of 404 (File 
not found)
consoleErrors.txt:48:dw-eastern-palace.png:1  Failed to load resource: the server responded with a status of 404 (File 
not found)
consoleErrors.txt:49:lw-saha.png:1  Failed to load resource: the server responded with a status of 404 (File not found)
consoleErrors.txt:50:lw-saha.png:1  Failed to load resource: the server responded with a status of 404 (File not found)
consoleErrors.txt:51:lw-eastern-palace.png:1  Failed to load resource: the server responded with a status of 404 (File 
not found)
consoleErrors.txt:52:lw-octorok-field.png:1  Failed to load resource: the server responded with a status of 404 (File 
not found)
consoleErrors.txt:53:dw-eastern-palace.png:1  Failed to load resource: the server responded with a status of 404 (File 
not found)
consoleErrors.txt:54:lw-saha.png:1  Failed to load resource: the server responded with a status of 404 (File not found)
consoleErrors.txt:55:lw-flute5.png:1  Failed to load resource: the server responded with a status of 404 (File not 
found)
consoleErrors.txt:56:lw-eastern-palace.png:1  Failed to load resource: the server responded with a status of 404 (File 
not found)
consoleErrors.txt:57:lw-eastern-palace.png:1  Failed to load resource: the server responded with a status of 404 (File 
not found)
consoleErrors.txt:58:lw-saha.png:1  Failed to load resource: the server responded with a status of 404 (File not found)
consoleErrors.txt:59:lw-saha.png:1  Failed to load resource: the server responded with a status of 404 (File not found)
consoleErrors.txt:60:lw-octorok-field.png:1  Failed to load resource: the server responded with a status of 404 (File 
not found)
consoleErrors.txt:61:lw-flute5.png:1  Failed to load resource: the server responded with a status of 404 (File not 
found)
consoleErrors.txt:62:dw-eastern-palace.png:1  Failed to load resource: the server responded with a status of 404 (File 
not found)
consoleErrors.txt:63:lw-eastern-palace.png:1  Failed to load resource: the server responded with a status of 404 (File 
not found)
consoleErrors.txt:64::8000/assets/maps/Dark%20World/dw-flute5.png:1  Failed to load resource: the server responded with 
a status of 404 (File not found)
consoleErrors.txt:65:lw-flute5.png:1  Failed to load resource: the server responded with a status of 404 (File not 
found)
consoleErrors.txt:66:lw-eastern-palace.png:1  Failed to load resource: the server responded with a status of 404 (File 
not found)
consoleErrors.txt:67:lw-octorok-field.png:1  Failed to load resource: the server responded with a status of 404 (File 
not found)
consoleErrors.txt:68:lw-flute5.png:1  Failed to load resource: the server responded with a status of 404 (File not 
found)
consoleErrors.txt:69:dw-eastern-palace.png:1  Failed to load resource: the server responded with a status of 404 (File 
not found)
consoleErrors.txt:70:lw-saha.png:1  Failed to load resource: the server responded with a status of 404 (File not found)
consoleErrors.txt:71:lw-eastern-palace.png:1  Failed to load resource: the server responded with a status of 404 (File 
not found)
consoleErrors.txt:72:lw-eastern-palace.png:1  Failed to load resource: the server responded with a status of 404 (File 
not found)
consoleErrors.txt:73:lw-hyrule-castle.png:1  Failed to load resource: the server responded with a status of 404 (File 
not found)
consoleErrors.txt:74:lw-lake-hylea.png:1  Failed to load resource: the server responded with a status of 404 (File not 
found)
consoleErrors.txt:75:lw-flute4.png:1  Failed to load resource: the server responded with a status of 404 (File not 
found)
consoleErrors.txt:76:lw-east-sanctuary.png:1  Failed to load resource: the server responded with a status of 404 (File 
not found)
consoleErrors.txt:77:lw-small-shop.png:1  Failed to load resource: the server responded with a status of 404 (File not 
found)
consoleErrors.txt:78:dw-octorok-field.png:1  Failed to load resource: the server responded with a status of 404 (File 
not found)
consoleErrors.txt:79:lw-octorok-field.png:1  Failed to load resource: the server responded with a status of 404 (File 
not found)
consoleErrors.txt:80::8000/assets/maps/Light%20World/lw-graveyard.png:1  Failed to load resource: the server responded 
with a status of 404 (File not found)
consoleErrors.txt:81:lw-octorok-field.png:1  Failed to load resource: the server responded with a status of 404 (File 
not found)
consoleErrors.txt:82:lw-south-house-portal.png:1  Failed to load resource: the server responded with a status of 404 
(File not found)
consoleErrors.txt:83:lw-east-sanctuary.png:1  Failed to load resource: the server responded with a status of 404 (File 
not found)
consoleErrors.txt:84::8000/assets/maps/Dark%20World/dw-east-sanctuary.png:1  Failed to load resource: the server 
responded with a status of 404 (File not found)
consoleErrors.txt:85::8000/assets/maps/Light%20World/lw-flute2.png:1  Failed to load resource: the server responded 
with a status of 404 (File not found)
consoleErrors.txt:86::8000/assets/maps/Light%20World/lw-potion-shop.png:1  Failed to load resource: the server 
responded with a status of 404 (File not found)
consoleErrors.txt:87::8000/assets/maps/Dark%20World/dw-flute2.png:1  Failed to load resource: the server responded with 
a status of 404 (File not found)
consoleErrors.txt:88::8000/assets/maps/Light%20World/lw-flute2.png:1  Failed to load resource: the server responded 
with a status of 404 (File not found)
consoleErrors.txt:89:lw-east-sanctuary.png:1  Failed to load resource: the server responded with a status of 404 (File 
not found)
consoleErrors.txt:90:lw-zora-entrance.png:1  Failed to load resource: the server responded with a status of 404 (File 
not found)
consoleErrors.txt:91::8000/assets/maps/Light%20World/lw-potion-shop.png:1  Failed to load resource: the server 
responded with a status of 404 (File not found)
consoleErrors.txt:92::8000/assets/maps/Light%20World/lw-flute2.png:1  Failed to load resource: the server responded 
with a status of 404 (File not found)
consoleErrors.txt:93::8000/assets/maps/Dark%20World/dw-flute2.png:1  Failed to load resource: the server responded with 
a status of 404 (File not found)
consoleErrors.txt:94:lw-east-sanctuary.png:1  Failed to load resource: the server responded with a status of 404 (File 
not found)
consoleErrors.txt:95:lw-zora-entrance.png:1  Failed to load resource: the server responded with a status of 404 (File 
not found)
consoleErrors.txt:96::8000/assets/maps/Light%20World/lw-flute2.png:1  Failed to load resource: the server responded 
with a status of 404 (File not found)
consoleErrors.txt:97::8000/assets/maps/Light%20World/lw-potion-shop.png:1  Failed to load resource: the server 
responded with a status of 404 (File not found)
consoleErrors.txt:98:lw-east-sanctuary.png:1  Failed to load resource: the server responded with a status of 404 (File 
not found)
consoleErrors.txt:99::8000/assets/maps/Light%20World/lw-flute2.png:1  Failed to load resource: the server responded 
with a status of 404 (File not found)
consoleErrors.txt:100:lw-south-house-portal.png:1  Failed to load resource: the server responded with a status of 404 
(File not found)
consoleErrors.txt:101::8000/assets/maps/Dark%20World/dw-east-sanctuary.png:1  Failed to load resource: the server 
responded with a status of 404 (File not found)
consoleErrors.txt:102::8000/assets/maps/Light%20World/lw-graveyard.png:1  Failed to load resource: the server responded 
with a status of 404 (File not found)
consoleErrors.txt:103:lw-octorok-field.png:1  Failed to load resource: the server responded with a status of 404 (File 
not found)
consoleErrors.txt:104:lw-minimoldorm-entrance.png:1  Failed to load resource: the server responded with a status of 404 
(File not found)
consoleErrors.txt:105:lw-flute7.png:1  Failed to load resource: the server responded with a status of 404 (File not 
found)
consoleErrors.txt:106::8000/assets/maps/Dark%20World/dw-south-house-portal.png:1  Failed to load resource: the server 
responded with a status of 404 (File not found)
consoleErrors.txt:107:lw-east-sanctuary.png:1  Failed to load resource: the server responded with a status of 404 (File 
not found)
consoleErrors.txt:108:lw-flute4.png:1  Failed to load resource: the server responded with a status of 404 (File not 
found)
consoleErrors.txt:109::8000/assets/maps/Light%20World/lw-south-grove.png:1  Failed to load resource: the server 
responded with a status of 404 (File not found)
consoleErrors.txt:110:lw-south-house-portal.png:1  Failed to load resource: the server responded with a status of 404 
(File not found)
consoleErrors.txt:111::8000/assets/maps/Light%20World/lw-south-grove.png:1  Failed to load resource: the server 
responded with a status of 404 (File not found)
consoleErrors.txt:112::8000/assets/maps/Light%20World/lw-linkshouse.png:1  Failed to load resource: the server 
responded with a status of 404 (File not found)
consoleErrors.txt:113::8000/assets/maps/Dark%20World/dw-flute4.png:1  Failed to load resource: the server responded 
with a status of 404 (File not found)
consoleErrors.txt:114:lw-octorok-field.png:1  Failed to load resource: the server responded with a status of 404 (File 
not found)
consoleErrors.txt:115:lw-south-house-portal.png:1  Failed to load resource: the server responded with a status of 404 
(File not found)
consoleErrors.txt:116:lw-hyrule-castle.png:1  Failed to load resource: the server responded with a status of 404 (File 
not found)
consoleErrors.txt:117:lw-flute4.png:1  Failed to load resource: the server responded with a status of 404 (File not 
found)
consoleErrors.txt:118:lw-flute4.png:1  Failed to load resource: the server responded with a status of 404 (File not 
found)
consoleErrors.txt:119::8000/assets/maps/Light%20World/lw-uncle.png:1  Failed to load resource: the server responded 
with a status of 404 (File not found)
consoleErrors.txt:120:lw-octorok-field.png:1  Failed to load resource: the server responded with a status of 404 (File 
not found)
consoleErrors.txt:121:lw-sanctuary-entrance.png:1  Failed to load resource: the server responded with a status of 404 
(File not found)
consoleErrors.txt:122::8000/assets/maps/Hyrule%20Castle/hc-left.png:1  Failed to load resource: the server responded 
with a status of 404 (File not found)
consoleErrors.txt:123::8000/assets/maps/Hyrule%20Castle/hc-entry.png:1  Failed to load resource: the server responded 
with a status of 404 (File not found)
consoleErrors.txt:124::8000/assets/maps/Dark%20World/dw-hyrule-castle.png:1  Failed to load resource: the server 
responded with a status of 404 (File not found)
consoleErrors.txt:125:lw-hyrule-castle.png:1  Failed to load resource: the server responded with a status of 404 (File 
not found)
consoleErrors.txt:126:lw-hyrule-castle.png:1  Failed to load resource: the server responded with a status of 404 (File 
not found)
consoleErrors.txt:127::8000/assets/maps/Light%20World/lw-uncle.png:1  Failed to load resource: the server responded 
with a status of 404 (File not found)
consoleErrors.txt:128:lw-sanctuary-entrance.png:1  Failed to load resource: the server responded with a status of 404 
(File not found)
consoleErrors.txt:129:lw-flute4.png:1  Failed to load resource: the server responded with a status of 404 (File not 
found)
consoleErrors.txt:130::8000/assets/maps/Hyrule%20Castle/hc-entry.png:1  Failed to load resource: the server responded 
with a status of 404 (File not found)
consoleErrors.txt:131::8000/assets/maps/Hyrule%20Castle/hc-left.png:1  Failed to load resource: the server responded 
with a status of 404 (File not found)
consoleErrors.txt:132::8000/assets/maps/Light%20World/lw-uncle.png:1  Failed to load resource: the server responded 
with a status of 404 (File not found)
consoleErrors.txt:133:lw-octorok-field.png:1  Failed to load resource: the server responded with a status of 404 (File 
not found)
consoleErrors.txt:134::8000/assets/maps/Dark%20World/dw-hyrule-castle.png:1  Failed to load resource: the server 
responded with a status of 404 (File not found)
consoleErrors.txt:135:lw-hyrule-castle.png:1  Failed to load resource: the server responded with a status of 404 (File 
not found)
consoleErrors.txt:136::8000/assets/maps/Light%20World/lw-uncle.png:1  Failed to load resource: the server responded 
with a status of 404 (File not found)
consoleErrors.txt:137:lw-hyrule-castle.png:1  Failed to load resource: the server responded with a status of 404 (File 
not found)
consoleErrors.txt:138:lw-octorok-field.png:1  Failed to load resource: the server responded with a status of 404 (File 
not found)
consoleErrors.txt:139::8000/assets/maps/Light%20World/lw-uncle.png:1  Failed to load resource: the server responded 
with a status of 404 (File not found)
consoleErrors.txt:140::8000/assets/maps/Hyrule%20Castle/hc-entry.png:1  Failed to load resource: the server responded 
with a status of 404 (File not found)
consoleErrors.txt:141:lw-flute4.png:1  Failed to load resource: the server responded with a status of 404 (File not 
found)
consoleErrors.txt:142:lw-sanctuary-entrance.png:1  Failed to load resource: the server responded with a status of 404 
(File not found)
consoleErrors.txt:143::8000/assets/maps/Hyrule%20Castle/hc-left.png:1  Failed to load resource: the server responded 
with a status of 404 (File not found)
consoleErrors.txt:144::8000/assets/maps/Dark%20World/dw-hyrule-castle.png:1  Failed to load resource: the server 
responded with a status of 404 (File not found)
consoleErrors.txt:145:lw-hyrule-castle.png:1  Failed to load resource: the server responded with a status of 404 (File 
not found)
consoleErrors.txt:146:lw-hyrule-castle.png:1  Failed to load resource: the server responded with a status of 404 (File 
not found)
consoleErrors.txt:147::8000/assets/maps/Light%20World/lw-uncle.png:1  Failed to load resource: the server responded 
with a status of 404 (File not found)
consoleErrors.txt:148:lw-octorok-field.png:1  Failed to load resource: the server responded with a status of 404 (File 
not found)
consoleErrors.txt:149:lw-flute4.png:1  Failed to load resource: the server responded with a status of 404 (File not 
found)
consoleErrors.txt:150:lw-sanctuary-entrance.png:1  Failed to load resource: the server responded with a status of 404 
(File not found)
consoleErrors.txt:151::8000/assets/maps/Hyrule%20Castle/hc-entry.png:1  Failed to load resource: the server responded 
with a status of 404 (File not found)
consoleErrors.txt:152::8000/assets/maps/Light%20World/lw-uncle.png:1  Failed to load resource: the server responded 
with a status of 404 (File not found)
consoleErrors.txt:153::8000/assets/maps/Hyrule%20Castle/hc-left.png:1  Failed to load resource: the server responded 
with a status of 404 (File not found)
consoleErrors.txt:154::8000/assets/maps/Dark%20World/dw-hyrule-castle.png:1  Failed to load resource: the server 
responded with a status of 404 (File not found)
consoleErrors.txt:155:lw-hyrule-castle.png:1  Failed to load resource: the server responded with a status of 404 (File 
not found)
consoleErrors.txt:156::8000/assets/maps/Hyrule%20Castle/hc-darkchest.png:1  Failed to load resource: the server 
responded with a status of 404 (File not found)
consoleErrors.txt:157::8000/assets/maps/Hyrule%20Castle/hc-entry.png:1  Failed to load resource: the server responded 
with a status of 404 (File not found)
consoleErrors.txt:158:lw-hyrule-castle.png:1  Failed to load resource: the server responded with a status of 404 (File 
not found)
consoleErrors.txt:159::8000/assets/maps/Hyrule%20Castle/hc-left.png:1  Failed to load resource: the server responded 
with a status of 404 (File not found)
consoleErrors.txt:160::8000/assets/maps/Hyrule%20Castle/hc-keyrat.png:1  Failed to load resource: the server responded 
with a status of 404 (File not found)
consoleErrors.txt:161::8000/assets/maps/Hyrule%20Castle/hc-darkchest.png:1  Failed to load resource: the server 
responded with a status of 404 (File not found)
consoleErrors.txt:162::8000/assets/maps/Hyrule%20Castle/hc-entry.png:1  Failed to load resource: the server responded 
with a status of 404 (File not found)
consoleErrors.txt:163::8000/assets/maps/Hyrule%20Castle/hc-left.png:1  Failed to load resource: the server responded 
with a status of 404 (File not found)
consoleErrors.txt:164:lw-hyrule-castle.png:1  Failed to load resource: the server responded with a status of 404 (File 
not found)
consoleErrors.txt:165::8000/assets/maps/Hyrule%20Castle/hc-entry.png:1  Failed to load resource: the server responded 
with a status of 404 (File not found)
consoleErrors.txt:166::8000/assets/maps/Hyrule%20Castle/hc-darkchest.png:1  Failed to load resource: the server 
responded with a status of 404 (File not found)
consoleErrors.txt:167::8000/assets/maps/Hyrule%20Castle/hc-left.png:1  Failed to load resource: the server responded 
with a status of 404 (File not found)
consoleErrors.txt:168::8000/assets/maps/Hyrule%20Castle/hc-map.png:1  Failed to load resource: the server responded 
with a status of 404 (File not found)
consoleErrors.txt:169:lw-hyrule-castle.png:1  Failed to load resource: the server responded with a status of 404 (File 
not found)
consoleErrors.txt:170::8000/assets/maps/Hyrule%20Castle/hc-entry.png:1  Failed to load resource: the server responded 
with a status of 404 (File not found)
consoleErrors.txt:171:lw-flute4.png:1  Failed to load resource: the server responded with a status of 404 (File not 
found)
consoleErrors.txt:172::8000/assets/maps/Light%20World/lw-uncle.png:1  Failed to load resource: the server responded 
with a status of 404 (File not found)
consoleErrors.txt:173:lw-octorok-field.png:1  Failed to load resource: the server responded with a status of 404 (File 
not found)
consoleErrors.txt:174::8000/assets/maps/Hyrule%20Castle/hc-entry.png:1  Failed to load resource: the server responded 
with a status of 404 (File not found)
consoleErrors.txt:175::8000/assets/maps/Hyrule%20Castle/hc-left.png:1  Failed to load resource: the server responded 
with a status of 404 (File not found)
consoleErrors.txt:176:lw-sanctuary-entrance.png:1  Failed to load resource: the server responded with a status of 404 
(File not found)
consoleErrors.txt:177:lw-hyrule-castle.png:1  Failed to load resource: the server responded with a status of 404 (File 
not found)
consoleErrors.txt:178::8000/assets/maps/Dark%20World/dw-hyrule-castle.png:1  Failed to load resource: the server 
responded with a status of 404 (File not found)
consoleErrors.txt:179::8000/assets/maps/Light%20World/lw-fortune-teller.png:1  Failed to load resource: the server 
responded with a status of 404 (File not found)
consoleErrors.txt:180::8000/assets/maps/Light%20World/lw-lumberjack.png:1  Failed to load resource: the server 
responded with a status of 404 (File not found)
consoleErrors.txt:181:lw-hyrule-castle.png:1  Failed to load resource: the server responded with a status of 404 (File 
not found)
consoleErrors.txt:182::8000/assets/maps/Light%20World/lw-graveyard.png:1  Failed to load resource: the server responded 
with a status of 404 (File not found)
consoleErrors.txt:183::8000/assets/maps/Hyrule%20Castle/hc-sanctuary.png:1  Failed to load resource: the server 
responded with a status of 404 (File not found)
consoleErrors.txt:184:lw-flute8.png:1  Failed to load resource: the server responded with a status of 404 (File not 
found)
consoleErrors.txt:185::8000/assets/maps/Light%20World/lw-bonkrocks.png:1  Failed to load resource: the server responded 
with a status of 404 (File not found)
consoleErrors.txt:186::8000/assets/maps/Dark%20World/dw-sanctuary-entrance.png:1  Failed to load resource: the server 
responded with a status of 404 (File not found)
consoleErrors.txt:187:lw-sanctuary-entrance.png:1  Failed to load resource: the server responded with a status of 404 
(File not found)
consoleErrors.txt:188::8000/assets/maps/Light%20World/lw-kakariko.png:1  Failed to load resource: the server responded 
with a status of 404 (File not found)
consoleErrors.txt:189::8000/assets/maps/Light%20World/lw-lostwoods.png:1  Failed to load resource: the server responded 
with a status of 404 (File not found)
consoleErrors.txt:190::8000/assets/maps/Dark%20World/dw-fortune-teller.png:1  Failed to load resource: the server 
responded with a status of 404 (File not found)
consoleErrors.txt:191:lw-sanctuary-entrance.png:1  Failed to load resource: the server responded with a status of 404 
(File not found)
consoleErrors.txt:192::8000/assets/maps/Light%20World/lw-fortune-teller.png:1  Failed to load resource: the server 
responded with a status of 404 (File not found)
consoleErrors.txt:193::8000/assets/maps/Light%20World/lw-blacksmiths-entrance.png:1  Failed to load resource: the 
server responded with a status of 404 (File not found)
consoleErrors.txt:194::8000/assets/maps/Light%20World/lw-kak-portal.png:1  Failed to load resource: the server 
responded with a status of 404 (File not found)
consoleErrors.txt:195::8000/assets/maps/Light%20World/lw-lostwoods.png:1  Failed to load resource: the server responded 
with a status of 404 (File not found)
consoleErrors.txt:196::8000/assets/maps/Light%20World/lw-fortune-teller.png:1  Failed to load resource: the server 
responded with a status of 404 (File not found)
consoleErrors.txt:197::8000/assets/maps/Light%20World/lw-well.png:1  Failed to load resource: the server responded with 
a status of 404 (File not found)
consoleErrors.txt:198::8000/assets/maps/Light%20World/lw-race-game.png:1  Failed to load resource: the server responded 
with a status of 404 (File not found)
consoleErrors.txt:199::8000/assets/maps/Light%20World/lw-blindshut.png:1  Failed to load resource: the server responded 
with a status of 404 (File not found)
consoleErrors.txt:200::8000/assets/maps/Light%20World/lw-chicken.png:1  Failed to load resource: the server responded 
with a status of 404 (File not found)
consoleErrors.txt:201::8000/assets/maps/Dark%20World/dw-kakariko.png:1  Failed to load resource: the server responded 
with a status of 404 (File not found)
consoleErrors.txt:202::8000/assets/maps/Light%20World/lw-sickkid.png:1  Failed to load resource: the server responded 
with a status of 404 (File not found)
consoleErrors.txt:203::8000/assets/maps/Light%20World/lw-kakariko.png:1  Failed to load resource: the server responded 
with a status of 404 (File not found)
consoleErrors.txt:204::8000/assets/maps/Light%20World/lw-bar.png:1  Failed to load resource: the server responded with 
a status of 404 (File not found)
consoleErrors.txt:205::8000/assets/maps/Light%20World/lw-blindshut.png:1  Failed to load resource: the server responded 
with a status of 404 (File not found)
consoleErrors.txt:206::8000/assets/maps/Light%20World/lw-kakariko.png:1  Failed to load resource: the server responded 
with a status of 404 (File not found)
consoleErrors.txt:207::8000/assets/maps/Light%20World/lw-kak-portal.png:1  Failed to load resource: the server 
responded with a status of 404 (File not found)
consoleErrors.txt:208::8000/assets/maps/Light%20World/lw-blacksmiths-entrance.png:1  Failed to load resource: the 
server responded with a status of 404 (File not found)
consoleErrors.txt:209::8000/assets/maps/Light%20World/lw-lostwoods.png:1  Failed to load resource: the server responded 
with a status of 404 (File not found)
consoleErrors.txt:210::8000/assets/maps/Light%20World/lw-race-game.png:1  Failed to load resource: the server responded 
with a status of 404 (File not found)
consoleErrors.txt:211::8000/assets/maps/Light%20World/lw-well.png:1  Failed to load resource: the server responded with 
a status of 404 (File not found)
consoleErrors.txt:212::8000/assets/maps/Light%20World/lw-fortune-teller.png:1  Failed to load resource: the server 
responded with a status of 404 (File not found)
consoleErrors.txt:213::8000/assets/maps/Light%20World/lw-blindshut.png:1  Failed to load resource: the server responded 
with a status of 404 (File not found)
consoleErrors.txt:214::8000/assets/maps/Light%20World/lw-chicken.png:1  Failed to load resource: the server responded 
with a status of 404 (File not found)
consoleErrors.txt:215::8000/assets/maps/Light%20World/lw-sickkid.png:1  Failed to load resource: the server responded 
with a status of 404 (File not found)
consoleErrors.txt:216::8000/assets/maps/Dark%20World/dw-kakariko.png:1  Failed to load resource: the server responded 
with a status of 404 (File not found)
consoleErrors.txt:217::8000/assets/maps/Light%20World/lw-kakariko.png:1  Failed to load resource: the server responded 
with a status of 404 (File not found)
consoleErrors.txt:218::8000/assets/maps/Light%20World/lw-bar.png:1  Failed to load resource: the server responded with 
a status of 404 (File not found)
consoleErrors.txt:219::8000/assets/maps/Light%20World/lw-kakariko.png:1  Failed to load resource: the server responded 
with a status of 404 (File not found)
consoleErrors.txt:220::8000/assets/maps/Light%20World/lw-chicken.png:1  Failed to load resource: the server responded 
with a status of 404 (File not found)
consoleErrors.txt:221::8000/assets/maps/Light%20World/lw-lostwoods.png:1  Failed to load resource: the server responded 
with a status of 404 (File not found)
consoleErrors.txt:222::8000/assets/maps/Light%20World/lw-kak-portal.png:1  Failed to load resource: the server 
responded with a status of 404 (File not found)
consoleErrors.txt:223::8000/assets/maps/Light%20World/lw-fortune-teller.png:1  Failed to load resource: the server 
responded with a status of 404 (File not found)
consoleErrors.txt:224::8000/assets/maps/Light%20World/lw-well.png:1  Failed to load resource: the server responded with 
a status of 404 (File not found)
consoleErrors.txt:225::8000/assets/maps/Light%20World/lw-blacksmiths-entrance.png:1  Failed to load resource: the 
server responded with a status of 404 (File not found)
consoleErrors.txt:226::8000/assets/maps/Light%20World/lw-race-game.png:1  Failed to load resource: the server responded 
with a status of 404 (File not found)
consoleErrors.txt:227::8000/assets/maps/Light%20World/lw-blindshut.png:1  Failed to load resource: the server responded 
with a status of 404 (File not found)
consoleErrors.txt:228::8000/assets/maps/Light%20World/lw-chicken.png:1  Failed to load resource: the server responded 
with a status of 404 (File not found)
consoleErrors.txt:229::8000/assets/maps/Light%20World/lw-bar.png:1  Failed to load resource: the server responded with 
a status of 404 (File not found)
consoleErrors.txt:230::8000/assets/maps/Light%20World/lw-sickkid.png:1  Failed to load resource: the server responded 
with a status of 404 (File not found)
consoleErrors.txt:231::8000/assets/maps/Light%20World/lw-kakariko.png:1  Failed to load resource: the server responded 
with a status of 404 (File not found)
consoleErrors.txt:232::8000/assets/maps/Dark%20World/dw-kakariko.png:1  Failed to load resource: the server responded 
with a status of 404 (File not found)
consoleErrors.txt:233::8000/assets/maps/Light%20World/lw-kakariko.png:1  Failed to load resource: the server responded 
with a status of 404 (File not found)
consoleErrors.txt:234::8000/assets/maps/Light%20World/lw-sickkid.png:1  Failed to load resource: the server responded 
with a status of 404 (File not found)
consoleErrors.txt:235::8000/assets/maps/Light%20World/lw-kak-portal.png:1  Failed to load resource: the server 
responded with a status of 404 (File not found)
consoleErrors.txt:236::8000/assets/maps/Light%20World/lw-lostwoods.png:1  Failed to load resource: the server responded 
with a status of 404 (File not found)
consoleErrors.txt:237::8000/assets/maps/Light%20World/lw-blacksmiths-entrance.png:1  Failed to load resource: the 
server responded with a status of 404 (File not found)
consoleErrors.txt:238::8000/assets/maps/Light%20World/lw-fortune-teller.png:1  Failed to load resource: the server 
responded with a status of 404 (File not found)
consoleErrors.txt:239::8000/assets/maps/Light%20World/lw-race-game.png:1  Failed to load resource: the server responded 
with a status of 404 (File not found)
consoleErrors.txt:240::8000/assets/maps/Light%20World/lw-well.png:1  Failed to load resource: the server responded with 
a status of 404 (File not found)
consoleErrors.txt:241::8000/assets/maps/Light%20World/lw-chicken.png:1  Failed to load resource: the server responded 
with a status of 404 (File not found)
consoleErrors.txt:242::8000/assets/maps/Light%20World/lw-blindshut.png:1  Failed to load resource: the server responded 
with a status of 404 (File not found)
consoleErrors.txt:243::8000/assets/maps/Light%20World/lw-sickkid.png:1  Failed to load resource: the server responded 
with a status of 404 (File not found)
consoleErrors.txt:244::8000/assets/maps/Light%20World/lw-bar.png:1  Failed to load resource: the server responded with 
a status of 404 (File not found)
consoleErrors.txt:245::8000/assets/maps/Light%20World/lw-kakariko.png:1  Failed to load resource: the server responded 
with a status of 404 (File not found)
consoleErrors.txt:246::8000/assets/maps/Dark%20World/dw-kakariko.png:1  Failed to load resource: the server responded 
with a status of 404 (File not found)
consoleErrors.txt:247::8000/assets/maps/Light%20World/lw-kakariko.png:1  Failed to load resource: the server responded 
with a status of 404 (File not found)
consoleErrors.txt:248::8000/assets/maps/Light%20World/lw-bar.png:1  Failed to load resource: the server responded with 
a status of 404 (File not found)
consoleErrors.txt:249::8000/assets/maps/Light%20World/lw-lostwoods.png:1  Failed to load resource: the server responded 
with a status of 404 (File not found)
consoleErrors.txt:250::8000/assets/maps/Light%20World/lw-kak-portal.png:1  Failed to load resource: the server 
responded with a status of 404 (File not found)
consoleErrors.txt:251::8000/assets/maps/Light%20World/lw-well.png:1  Failed to load resource: the server responded with 
a status of 404 (File not found)
consoleErrors.txt:252::8000/assets/maps/Light%20World/lw-fortune-teller.png:1  Failed to load resource: the server 
responded with a status of 404 (File not found)
consoleErrors.txt:253::8000/assets/maps/Light%20World/lw-race-game.png:1  Failed to load resource: the server responded 
with a status of 404 (File not found)
consoleErrors.txt:254::8000/assets/maps/Light%20World/lw-blacksmiths-entrance.png:1  Failed to load resource: the 
server responded with a status of 404 (File not found)
consoleErrors.txt:255::8000/assets/maps/Light%20World/lw-blindshut.png:1  Failed to load resource: the server responded 
with a status of 404 (File not found)
consoleErrors.txt:256::8000/assets/maps/Light%20World/lw-chicken.png:1  Failed to load resource: the server responded 
with a status of 404 (File not found)
consoleErrors.txt:257::8000/assets/maps/Light%20World/lw-bar.png:1  Failed to load resource: the server responded with 
a status of 404 (File not found)
consoleErrors.txt:258::8000/assets/maps/Light%20World/lw-sickkid.png:1  Failed to load resource: the server responded 
with a status of 404 (File not found)
consoleErrors.txt:259::8000/assets/maps/Dark%20World/dw-kakariko.png:1  Failed to load resource: the server responded 
with a status of 404 (File not found)
consoleErrors.txt:260::8000/assets/maps/Light%20World/lw-kakariko.png:1  Failed to load resource: the server responded 
with a status of 404 (File not found)
consoleErrors.txt:261::8000/assets/maps/Light%20World/lw-bat.png:1  Failed to load resource: the server responded with 
a status of 404 (File not found)
consoleErrors.txt:262::8000/assets/maps/Light%20World/lw-kakariko.png:1  Failed to load resource: the server responded 
with a status of 404 (File not found)
consoleErrors.txt:263::8000/assets/maps/Light%20World/lw-blacksmiths.png:1  Failed to load resource: the server 
responded with a status of 404 (File not found)
consoleErrors.txt:264::8000/assets/maps/Light%20World/lw-blacksmiths-entrance.png:1  Failed to load resource: the 
server responded with a status of 404 (File not found)
consoleErrors.txt:265::8000/assets/maps/Dark%20World/dw-blacksmiths-entrance.png:1  Failed to load resource: the server 
responded with a status of 404 (File not found)
consoleErrors.txt:266::8000/assets/maps/Light%20World/lw-blacksmiths-entrance.png:1  Failed to load resource: the 
server responded with a status of 404 (File not found)
consoleErrors.txt:267::8000/assets/maps/Light%20World/lw-blacksmiths.png:1  Failed to load resource: the server 
responded with a status of 404 (File not found)
consoleErrors.txt:268::8000/assets/maps/Light%20World/lw-blacksmiths.png:1  Failed to load resource: the server 
responded with a status of 404 (File not found)
consoleErrors.txt:269::8000/assets/maps/Light%20World/lw-kakariko.png:1  Failed to load resource: the server responded 
with a status of 404 (File not found)
consoleErrors.txt:270::8000/assets/maps/Light%20World/lw-bat.png:1  Failed to load resource: the server responded with 
a status of 404 (File not found)
consoleErrors.txt:271::8000/assets/maps/Light%20World/lw-blacksmiths-entrance.png:1  Failed to load resource: the 
server responded with a status of 404 (File not found)
consoleErrors.txt:272::8000/assets/maps/Dark%20World/dw-blacksmiths-entrance.png:1  Failed to load resource: the server 
responded with a status of 404 (File not found)
consoleErrors.txt:273::8000/assets/maps/Light%20World/lw-lostwoods.png:1  Failed to load resource: the server responded 
with a status of 404 (File not found)
consoleErrors.txt:274::8000/assets/maps/Light%20World/lw-blacksmiths-entrance.png:1  Failed to load resource: the 
server responded with a status of 404 (File not found)
consoleErrors.txt:275::8000/assets/maps/Light%20World/lw-fortune-teller.png:1  Failed to load resource: the server 
responded with a status of 404 (File not found)
consoleErrors.txt:276::8000/assets/maps/Light%20World/lw-race-game.png:1  Failed to load resource: the server responded 
with a status of 404 (File not found)
consoleErrors.txt:277::8000/assets/maps/Light%20World/lw-kak-portal.png:1  Failed to load resource: the server 
responded with a status of 404 (File not found)
consoleErrors.txt:278::8000/assets/maps/Light%20World/lw-well.png:1  Failed to load resource: the server responded with 
a status of 404 (File not found)
consoleErrors.txt:279::8000/assets/maps/Light%20World/lw-chicken.png:1  Failed to load resource: the server responded 
with a status of 404 (File not found)
consoleErrors.txt:280::8000/assets/maps/Light%20World/lw-blindshut.png:1  Failed to load resource: the server responded 
with a status of 404 (File not found)
consoleErrors.txt:281::8000/assets/maps/Light%20World/lw-bar.png:1  Failed to load resource: the server responded with 
a status of 404 (File not found)
consoleErrors.txt:282::8000/assets/maps/Dark%20World/dw-kakariko.png:1  Failed to load resource: the server responded 
with a status of 404 (File not found)
consoleErrors.txt:283::8000/assets/maps/Light%20World/lw-kakariko.png:1  Failed to load resource: the server responded 
with a status of 404 (File not found)
consoleErrors.txt:284::8000/assets/maps/Light%20World/lw-sickkid.png:1  Failed to load resource: the server responded 
with a status of 404 (File not found)
consoleErrors.txt:285::8000/assets/maps/Light%20World/lw-south-grove.png:1  Failed to load resource: the server 
responded with a status of 404 (File not found)
consoleErrors.txt:286::8000/assets/maps/Light%20World/lw-kakariko.png:1  Failed to load resource: the server responded 
with a status of 404 (File not found)
consoleErrors.txt:287::8000/assets/maps/Dark%20World/dw-race-game.png:1  Failed to load resource: the server responded 
with a status of 404 (File not found)
consoleErrors.txt:288::8000/assets/maps/Light%20World/lw-race-game.png:1  Failed to load resource: the server responded 
with a status of 404 (File not found)
consoleErrors.txt:289::8000/assets/maps/Light%20World/lw-library.png:1  Failed to load resource: the server responded 
with a status of 404 (File not found)
consoleErrors.txt:290::8000/assets/maps/Light%20World/lw-library.png:1  Failed to load resource: the server responded 
with a status of 404 (File not found)
consoleErrors.txt:291::8000/assets/maps/Light%20World/lw-race-game.png:1  Failed to load resource: the server responded 
with a status of 404 (File not found)
consoleErrors.txt:292::8000/assets/maps/Light%20World/lw-south-grove.png:1  Failed to load resource: the server 
responded with a status of 404 (File not found)
consoleErrors.txt:293::8000/assets/maps/Light%20World/lw-library.png:1  Failed to load resource: the server responded 
with a status of 404 (File not found)
consoleErrors.txt:294::8000/assets/maps/Dark%20World/dw-race-game.png:1  Failed to load resource: the server responded 
with a status of 404 (File not found)
consoleErrors.txt:295::8000/assets/maps/Light%20World/lw-race-game.png:1  Failed to load resource: the server responded 
with a status of 404 (File not found)
consoleErrors.txt:296::8000/assets/maps/Light%20World/lw-kakariko.png:1  Failed to load resource: the server responded 
with a status of 404 (File not found)
consoleErrors.txt:297::8000/assets/maps/Light%20World/lw-grove.png:1  Failed to load resource: the server responded 
with a status of 404 (File not found)
consoleErrors.txt:298:lw-flute4.png:1  Failed to load resource: the server responded with a status of 404 (File not 
found)
consoleErrors.txt:299:lw-south-house-portal.png:1  Failed to load resource: the server responded with a status of 404 
(File not found)
consoleErrors.txt:300:lw-flute7.png:1  Failed to load resource: the server responded with a status of 404 (File not 
found)
consoleErrors.txt:301::8000/assets/maps/Light%20World/lw-south-grove-cave.png:1  Failed to load resource: the server 
responded with a status of 404 (File not found)
consoleErrors.txt:302::8000/assets/maps/Light%20World/lw-race-game.png:1  Failed to load resource: the server responded 
with a status of 404 (File not found)
consoleErrors.txt:303::8000/assets/maps/Dark%20World/dw-south-grove.png:1  Failed to load resource: the server 
responded with a status of 404 (File not found)
consoleErrors.txt:304::8000/assets/maps/Light%20World/lw-south-grove.png:1  Failed to load resource: the server 
responded with a status of 404 (File not found)
consoleErrors.txt:305::8000/assets/maps/Light%20World/lw-linkshouse.png:1  Failed to load resource: the server 
responded with a status of 404 (File not found)
consoleErrors.txt:306:lw-octorok-field.png:1  Failed to load resource: the server responded with a status of 404 (File 
not found)
consoleErrors.txt:307:lw-hyrule-castle.png:1  Failed to load resource: the server responded with a status of 404 (File 
not found)
consoleErrors.txt:308:lw-south-house-portal.png:1  Failed to load resource: the server responded with a status of 404 
(File not found)
consoleErrors.txt:309::8000/assets/maps/Dark%20World/dw-flute4.png:1  Failed to load resource: the server responded 
with a status of 404 (File not found)
consoleErrors.txt:310::8000/assets/maps/Light%20World/lw-south-grove.png:1  Failed to load resource: the server 
responded with a status of 404 (File not found)
consoleErrors.txt:311:lw-flute4.png:1  Failed to load resource: the server responded with a status of 404 (File not 
found)
consoleErrors.txt:312:lw-minimoldorm-entrance.png:1  Failed to load resource: the server responded with a status of 404 
(File not found)
consoleErrors.txt:313:lw-flute4.png:1  Failed to load resource: the server responded with a status of 404 (File not 
found)
consoleErrors.txt:314::8000/assets/maps/Light%20World/lw-south-grove.png:1  Failed to load resource: the server 
responded with a status of 404 (File not found)
consoleErrors.txt:315:lw-east-sanctuary.png:1  Failed to load resource: the server responded with a status of 404 (File 
not found)
consoleErrors.txt:316::8000/assets/maps/Dark%20World/dw-south-house-portal.png:1  Failed to load resource: the server 
responded with a status of 404 (File not found)
consoleErrors.txt:317:lw-flute7.png:1  Failed to load resource: the server responded with a status of 404 (File not 
found)
consoleErrors.txt:318:lw-south-house-portal.png:1  Failed to load resource: the server responded with a status of 404 
(File not found)
consoleErrors.txt:319::8000/assets/maps/Light%20World/lw-desert.png:1  Failed to load resource: the server responded 
with a status of 404 (File not found)
consoleErrors.txt:320:lw-south-house-portal.png:1  Failed to load resource: the server responded with a status of 404 
(File not found)
consoleErrors.txt:321::8000/assets/maps/Dark%20World/dw-flute7.png:1  Failed to load resource: the server responded 
with a status of 404 (File not found)
consoleErrors.txt:322:lw-minimoldorm-entrance.png:1  Failed to load resource: the server responded with a status of 404 
(File not found)
consoleErrors.txt:323::8000/assets/maps/Light%20World/lw-dam.png:1  Failed to load resource: the server responded with 
a status of 404 (File not found)
consoleErrors.txt:324:lw-flute7.png:1  Failed to load resource: the server responded with a status of 404 (File not 
found)
consoleErrors.txt:325::8000/assets/maps/Light%20World/lw-dam.png:1  Failed to load resource: the server responded with 
a status of 404 (File not found)
consoleErrors.txt:326:lw-flute7.png:1  Failed to load resource: the server responded with a status of 404 (File not 
found)
consoleErrors.txt:327::8000/assets/maps/Light%20World/lw-dam.png:1  Failed to load resource: the server responded with 
a status of 404 (File not found)
consoleErrors.txt:328::8000/assets/maps/Light%20World/lw-desert.png:1  Failed to load resource: the server responded 
with a status of 404 (File not found)
consoleErrors.txt:329:lw-south-house-portal.png:1  Failed to load resource: the server responded with a status of 404 
(File not found)
consoleErrors.txt:330:lw-minimoldorm-entrance.png:1  Failed to load resource: the server responded with a status of 404 
(File not found)
consoleErrors.txt:331::8000/assets/maps/Dark%20World/dw-flute7.png:1  Failed to load resource: the server responded 
with a status of 404 (File not found)
consoleErrors.txt:332:lw-flute7.png:1  Failed to load resource: the server responded with a status of 404 (File not 
found)
consoleErrors.txt:333:lw-flute7.png:1  Failed to load resource: the server responded with a status of 404 (File not 
found)
consoleErrors.txt:334:lw-minimoldorm.png:1  Failed to load resource: the server responded with a status of 404 (File 
not found)
consoleErrors.txt:335:dw-minimoldorm-entrance.png:1  Failed to load resource: the server responded with a status of 404 
(File not found)
consoleErrors.txt:336:lw-flute8.png:1  Failed to load resource: the server responded with a status of 404 (File not 
found)
consoleErrors.txt:337:lw-lake-hylea.png:1  Failed to load resource: the server responded with a status of 404 (File not 
found)
consoleErrors.txt:338:lw-south-house-portal.png:1  Failed to load resource: the server responded with a status of 404 
(File not found)
consoleErrors.txt:339:lw-minimoldorm-entrance.png:1  Failed to load resource: the server responded with a status of 404 
(File not found)
consoleErrors.txt:340:lw-minimoldorm.png:1  Failed to load resource: the server responded with a status of 404 (File 
not found)
consoleErrors.txt:341:lw-minimoldorm-entrance.png:1  Failed to load resource: the server responded with a status of 404 
(File not found)
consoleErrors.txt:342:lw-flute7.png:1  Failed to load resource: the server responded with a status of 404 (File not 
found)
consoleErrors.txt:343:lw-flute8.png:1  Failed to load resource: the server responded with a status of 404 (File not 
found)
consoleErrors.txt:344:lw-lake-hylea.png:1  Failed to load resource: the server responded with a status of 404 (File not 
found)
consoleErrors.txt:345:lw-south-house-portal.png:1  Failed to load resource: the server responded with a status of 404 
(File not found)
consoleErrors.txt:346:dw-minimoldorm-entrance.png:1  Failed to load resource: the server responded with a status of 404 
(File not found)
consoleErrors.txt:347:lw-minimoldorm.png:1  Failed to load resource: the server responded with a status of 404 (File 
not found)
consoleErrors.txt:348:lw-minimoldorm-entrance.png:1  Failed to load resource: the server responded with a status of 404 
(File not found)
consoleErrors.txt:349::8000/assets/maps/Dark%20World/dw-flute7.png:1  Failed to load resource: the server responded 
with a status of 404 (File not found)
consoleErrors.txt:350:lw-south-house-portal.png:1  Failed to load resource: the server responded with a status of 404 
(File not found)
consoleErrors.txt:351:lw-minimoldorm-entrance.png:1  Failed to load resource: the server responded with a status of 404 
(File not found)
consoleErrors.txt:352::8000/assets/maps/Light%20World/lw-dam.png:1  Failed to load resource: the server responded with 
a status of 404 (File not found)
consoleErrors.txt:353::8000/assets/maps/Light%20World/lw-desert.png:1  Failed to load resource: the server responded 
with a status of 404 (File not found)
consoleErrors.txt:354:lw-flute7.png:1  Failed to load resource: the server responded with a status of 404 (File not 
found)
consoleErrors.txt:355::8000/assets/maps/Light%20World/lw-dam.png:1  Failed to load resource: the server responded with 
a status of 404 (File not found)
consoleErrors.txt:356:lw-flute7.png:1  Failed to load resource: the server responded with a status of 404 (File not 
found)
consoleErrors.txt:357:lw-minimoldorm-entrance.png:1  Failed to load resource: the server responded with a status of 404 
(File not found)
consoleErrors.txt:358::8000/assets/maps/Dark%20World/dw-flute7.png:1  Failed to load resource: the server responded 
with a status of 404 (File not found)
consoleErrors.txt:359:lw-flute7.png:1  Failed to load resource: the server responded with a status of 404 (File not 
found)
consoleErrors.txt:360:lw-south-house-portal.png:1  Failed to load resource: the server responded with a status of 404 
(File not found)
consoleErrors.txt:361::8000/assets/maps/Light%20World/lw-desert.png:1  Failed to load resource: the server responded 
with a status of 404 (File not found)
consoleErrors.txt:362::8000/assets/maps/Light%20World/lw-dam.png:1  Failed to load resource: the server responded with 
a status of 404 (File not found)
consoleErrors.txt:363::8000/assets/maps/Light%20World/lw-aginah.png:1  Failed to load resource: the server responded 
with a status of 404 (File not found)
consoleErrors.txt:364::8000/assets/maps/Light%20World/lw-checkerboard.png:1  Failed to load resource: the server 
responded with a status of 404 (File not found)
consoleErrors.txt:365:lw-flute7.png:1  Failed to load resource: the server responded with a status of 404 (File not 
found)
consoleErrors.txt:366::8000/assets/maps/Dark%20World/dw-desert.png:1  Failed to load resource: the server responded 
with a status of 404 (File not found)
consoleErrors.txt:367::8000/assets/maps/Light%20World/lw-desert.png:1  Failed to load resource: the server responded 
with a status of 404 (File not found)
consoleErrors.txt:368::8000/assets/maps/Light%20World/lw-desert.png:1  Failed to load resource: the server responded 
with a status of 404 (File not found)
consoleErrors.txt:369::8000/assets/maps/Light%20World/lw-aginah.png:1  Failed to load resource: the server responded 
with a status of 404 (File not found)
consoleErrors.txt:370:lw-flute7.png:1  Failed to load resource: the server responded with a status of 404 (File not 
found)
consoleErrors.txt:371::8000/assets/maps/Light%20World/lw-aginah.png:1  Failed to load resource: the server responded 
with a status of 404 (File not found)
consoleErrors.txt:372::8000/assets/maps/Light%20World/lw-desert.png:1  Failed to load resource: the server responded 
with a status of 404 (File not found)
consoleErrors.txt:373::8000/assets/maps/Light%20World/lw-checkerboard.png:1  Failed to load resource: the server 
responded with a status of 404 (File not found)
consoleErrors.txt:374::8000/assets/maps/Dark%20World/dw-desert.png:1  Failed to load resource: the server responded 
with a status of 404 (File not found)
consoleErrors.txt:375:lw-south-house-portal.png:1  Failed to load resource: the server responded with a status of 404 
(File not found)
consoleErrors.txt:376:lw-minimoldorm-entrance.png:1  Failed to load resource: the server responded with a status of 404 
(File not found)
consoleErrors.txt:377::8000/assets/maps/Light%20World/lw-dam.png:1  Failed to load resource: the server responded with 
a status of 404 (File not found)
consoleErrors.txt:378::8000/assets/maps/Light%20World/lw-desert.png:1  Failed to load resource: the server responded 
with a status of 404 (File not found)
consoleErrors.txt:379:lw-flute7.png:1  Failed to load resource: the server responded with a status of 404 (File not 
found)
consoleErrors.txt:380::8000/assets/maps/Dark%20World/dw-flute7.png:1  Failed to load resource: the server responded 
with a status of 404 (File not found)
consoleErrors.txt:381:lw-south-house-portal.png:1  Failed to load resource: the server responded with a status of 404 
(File not found)
consoleErrors.txt:382:lw-lake-hylea.png:1  Failed to load resource: the server responded with a status of 404 (File not 
found)
consoleErrors.txt:383:lw-flute7.png:1  Failed to load resource: the server responded with a status of 404 (File not 
found)
consoleErrors.txt:384:lw-flute8.png:1  Failed to load resource: the server responded with a status of 404 (File not 
found)
consoleErrors.txt:385:lw-minimoldorm.png:1  Failed to load resource: the server responded with a status of 404 (File 
not found)
consoleErrors.txt:386:dw-minimoldorm-entrance.png:1  Failed to load resource: the server responded with a status of 404 
(File not found)
consoleErrors.txt:387:lw-minimoldorm-entrance.png:1  Failed to load resource: the server responded with a status of 404 
(File not found)
consoleErrors.txt:388:lw-flute8.png:1  Failed to load resource: the server responded with a status of 404 (File not 
found)
consoleErrors.txt:389:dw-flute8.png:1  Failed to load resource: the server responded with a status of 404 (File not 
found)
consoleErrors.txt:390:lw-lake-hylea.png:1  Failed to load resource: the server responded with a status of 404 (File not 
found)
consoleErrors.txt:391:lw-minimoldorm-entrance.png:1  Failed to load resource: the server responded with a status of 404 
(File not found)
consoleErrors.txt:395:           Failed to load resource: the server responded with a status of 404 (File not found)
consoleErrors.txt:399:           Failed to load resource: the server responded with a status of 404 (File not found)
consoleErrors.txt:403:           Failed to load resource: the server responded with a status of 404 (File not found)
consoleErrors.txt:407:           Failed to load resource: the server responded with a status of 404 (File not found)
consoleErrors.txt:411:           Failed to load resource: the server responded with a status of 404 (File not found)
consoleErrors.txt:415:           Failed to load resource: the server responded with a status of 404 (File not found)
consoleErrors.txt:419:           Failed to load resource: the server responded with a status of 404 (File not found)
consoleErrors.txt:423:           Failed to load resource: the server responded with a status of 404 (File not found)
consoleErrors.txt:427:           Failed to load resource: the server responded with a status of 404 (File not found)
consoleErrors.txt:431:           Failed to load resource: the server responded with a status of 404 (File not found)
consoleErrors.txt:435:           Failed to load resource: the server responded with a status of 404 (File not found)
consoleErrors.txt:439:           Failed to load resource: the server responded with a status of 404 (File not found)
consoleErrors.txt:443:           Failed to load resource: the server responded with a status of 404 (File not found)
consoleErrors.txt:447:           Failed to load resource: the server responded with a status of 404 (File not found)
consoleErrors.txt:451:           Failed to load resource: the server responded with a status of 404 (File not found)
consoleErrors.txt:455:           Failed to load resource: the server responded with a status of 404 (File not found)
consoleErrors.txt:459:           Failed to load resource: the server responded with a status of 404 (File not found)
consoleErrors.txt:463:           Failed to load resource: the server responded with a status of 404 (File not found)
consoleErrors.txt:467:           Failed to load resource: the server responded with a status of 404 (File not found)
consoleErrors.txt:471:           Failed to load resource: the server responded with a status of 404 (File not found)
consoleErrors.txt:475:           Failed to load resource: the server responded with a status of 404 (File not found)
consoleErrors.txt:479:           Failed to load resource: the server responded with a status of 404 (File not found)
consoleErrors.txt:483:           Failed to load resource: the server responded with a status of 404 (File not found)
consoleErrors.txt:487:           Failed to load resource: the server responded with a status of 404 (File not found)
consoleErrors.txt:491:           Failed to load resource: the server responded with a status of 404 (File not found)
consoleErrors.txt:495:           Failed to load resource: the server responded with a status of 404 (File not found)
consoleErrors.txt:499:           Failed to load resource: the server responded with a status of 404 (File not found)
consoleErrors.txt:503:           Failed to load resource: the server responded with a status of 404 (File not found)
consoleErrors.txt:507:           Failed to load resource: the server responded with a status of 404 (File not found)
consoleErrors.txt:511:           Failed to load resource: the server responded with a status of 404 (File not found)
consoleErrors.txt:515:           Failed to load resource: the server responded with a status of 404 (File not found)
consoleErrors.txt:519:           Failed to load resource: the server responded with a status of 404 (File not found)
consoleErrors.txt:523:           Failed to load resource: the server responded with a status of 404 (File not found)
consoleErrors.txt:527:           Failed to load resource: the server responded with a status of 404 (File not found)
consoleErrors.txt:531:           Failed to load resource: the server responded with a status of 404 (File not found)
consoleErrors.txt:535:           Failed to load resource: the server responded with a status of 404 (File not found)
consoleErrors.txt:539:           Failed to load resource: the server responded with a status of 404 (File not found)
consoleErrors.txt:543:           Failed to load resource: the server responded with a status of 404 (File not found)
consoleErrors.txt:547:           Failed to load resource: the server responded with a status of 404 (File not found)
consoleErrors.txt:551:           Failed to load resource: the server responded with a status of 404 (File not found)
consoleErrors.txt:555:           Failed to load resource: the server responded with a status of 404 (File not found)
consoleErrors.txt:559:           Failed to load resource: the server responded with a status of 404 (File not found)
consoleErrors.txt:563:           Failed to load resource: the server responded with a status of 404 (File not found)
consoleErrors.txt:567:           Failed to load resource: the server responded with a status of 404 (File not found)
consoleErrors.txt:571:           Failed to load resource: the server responded with a status of 404 (File not found)
consoleErrors.txt:575:           Failed to load resource: the server responded with a status of 404 (File not found)


